// Jest Snapshot v1, https://goo.gl/fbAQLP

exports[`kosko generate --preprod 1`] = `
"---
apiVersion: v1
kind: Namespace
metadata:
  annotations:
    field.cattle.io/creatorId: gitlab
    field.cattle.io/projectId: c-f8qps:p-46tj7
    git/branch: beta-db-12
    git/remote: >-
      https://gitlab-ci-token:[MASKED]@gitlab.factory.social.gouv.fr/SocialGouv/archifiltre-statistics.git
    app.gitlab.com/app: socialgouv-archifiltre-statistics
    app.gitlab.com/env: beta-db-12-dev2
    app.gitlab.com/env.name: beta-db-12-dev2
  labels:
    azure-pg-admin-user: archifiltre-statistics
    application: xyz42-archifiltre-statistics
    owner: archifiltre-statistics
    team: archifiltre-statistics
    cert: wildcard
  name: archifiltre-statistics-85-beta-db-12-dev2
---
apiVersion: apps/v1
kind: Deployment
metadata:
  annotations:
    kapp.k14s.io/disable-default-ownership-label-rules: ''
    kapp.k14s.io/disable-default-label-scoping-rules: ''
    app.gitlab.com/app: socialgouv-archifiltre-statistics
    app.gitlab.com/env: beta-db-12-dev2
    app.gitlab.com/env.name: beta-db-12-dev2
  labels:
    app: app
    application: xyz42-archifiltre-statistics
    owner: archifiltre-statistics
    team: archifiltre-statistics
    cert: wildcard
  name: app
  namespace: archifiltre-statistics-85-beta-db-12-dev2
spec:
  replicas: 1
  selector:
    matchLabels:
      app: app
  template:
    metadata:
      annotations:
        kapp.k14s.io/disable-default-ownership-label-rules: ''
        kapp.k14s.io/disable-default-label-scoping-rules: ''
        app.gitlab.com/app: socialgouv-archifiltre-statistics
        app.gitlab.com/env: beta-db-12-dev2
        app.gitlab.com/env.name: beta-db-12-dev2
      labels:
        app: app
        application: xyz42-archifiltre-statistics
        owner: archifiltre-statistics
        team: archifiltre-statistics
        cert: wildcard
    spec:
      containers:
        - image: >-
            harbor.fabrique.social.gouv.fr/archifiltre-statistics/archifiltre-statistics:yz42
          livenessProbe:
            failureThreshold: 6
            httpGet:
              path: /healthz
              port: http
            initialDelaySeconds: 30
            periodSeconds: 5
            timeoutSeconds: 5
          name: app
          ports:
            - containerPort: 3000
              name: http
          readinessProbe:
            failureThreshold: 15
            httpGet:
              path: /healthz
              port: http
            initialDelaySeconds: 0
            periodSeconds: 5
            successThreshold: 1
            timeoutSeconds: 1
          resources:
            limits:
              cpu: 500m
              memory: 1280Mi
            requests:
              cpu: 100m
              memory: 128Mi
          startupProbe:
            failureThreshold: 12
            httpGet:
              path: /healthz
              port: http
            periodSeconds: 5
          envFrom:
            - secretRef:
                name: app-env
            - configMapRef:
                name: app-env
---
apiVersion: bitnami.com/v1alpha1
kind: SealedSecret
metadata:
  annotations:
    sealedsecrets.bitnami.com/cluster-wide: 'true'
    kapp.k14s.io/disable-default-ownership-label-rules: ''
    kapp.k14s.io/disable-default-label-scoping-rules: ''
    app.gitlab.com/app: socialgouv-archifiltre-statistics
    app.gitlab.com/env: beta-db-12-dev2
    app.gitlab.com/env.name: beta-db-12-dev2
  name: app-env
  namespace: archifiltre-statistics-85-beta-db-12-dev2
  labels:
    application: xyz42-archifiltre-statistics
    owner: archifiltre-statistics
    team: archifiltre-statistics
    cert: wildcard
spec:
  encryptedData:
    MATOMO_TOKEN: >-
      AgDGCN1J+lx5P8BU6PGSfWOHchWg5/dj92Ch7YgVBnb/ZY+xBmu/jgfmr6K3mckd+WRz2ZkJVnSIXSRo3B0jlIN6qu+L2yWdQclZzx4t+nlubcHF33MVwFbZ3l+jDbJ33h6hP19PbPjuTmZ8Cza8Bb2Np1t2LATlTqhy7VO0lhsEWlAmGObdCByccEEQCpAFTOGs+m3vjuYqnxO7R9/0gVZBX5cRwU7yhX82/yJeO18HFkEy5+3n6EP5FI0fe9KaYwTlC0Yqark6ZCWZYrwB7cSZjhih/UWWv0LY+tGJKemZq8tcDa5Z7HWQj4Equm02kypneMOZ/8I46J6pZl5ZqLad5UigofMg7Zg3kPK3dAgaZ1KbafSsQGZnae6JSAhXb4C6UEcHIcE7z+fK470knn1pnzkq9/kPffPxXR04zFUu4ys/Ia2kBLwt5mPk4B5gcImLVKh4x2mM1zfBvnvOOSdgaSeeP9LJJYW92cuBUsT2P+V4DCug9PLGongOBW24Eeem3i6+Zl7MzLFZeixg1AYxaxbKOQ4m+e3RqjrnED9LWQ+u9VirXBFkvrzhEm0/gFTZI4nqjqz7cL8O29Fd6lLHfo++QqjhK+b20RiDoLey8SpbLGI5rLVqSxR2g+Yeu3fNjg+2nobTG/8L260SlGO2tZoYOnH9q0LhcXiz2F4J4A4nI9+K+aInK/vA4upBXMLzucXFmqy4hSKKyDiW7AXpZkdnHlnH8qkXd8EdMOzdQQ==
    YOUTUBE_API_KEY: >-
      AgAjhR/AoOl8PRPikM4mA2/EXdiKHyEsU/vtsNHoOfgVfTgBYtUvsof/Mpsg8m9o0BgfsfkNJoiE9xPDR2tEwbsmcLGppdDHza6CQjkw1fUOiRpMQzGOHto6W+hsrMwUkwpu7XVe6H4eATrt/qwbGr8Lt8wI13F8LrnuCpQNdoc2S0BJdb1lRlcVB9UDsTMGIqvw8mPJ2evKuIa8KZyIvPyyLn7siN5UJOA7mltzVUIdDuosMPtsHJdSAfJ9odWkKwfgnQB/IGdiY88CO3HvBm9RNen4CKBRO8zyamTAes6QoPEnaOydcHYD57c9QoSGkscNHk3mr34ohJvOQowrbfiO1JEZyPSOfLuTGfSUU2NV1kDk5sXgvfjjlAOuUvIQCpJkRfBCGtb0xpE9CtwpjtDd19ZVRf9CwPRJbs2a9UXpSO00shk6MU95iVoG8suUmk4wc5jvzRUAthsgw7EPsJ2wxDsHLP4xn1rtniGbz3Fb33Y25uNtWlJKzJnrdU+wnguuKLteQF+7oSJ5eU6JtLtnG+pf8Ah/pxMhcwr2tLU1b3ukLrPHzZDLPz/hd1EZCX64a/k+leROfJAjrPvZQ3mQXKmUWQUpuJsPx0tqPOL/MzxqA7KCyKrdnCvnMFBnaAc4DZ+xazQZS5Jw066a25tlTPVJtMh/yqN8rblpCuFUjIA32p5QrhAxflQhKDWXtR6ahhGqqVI/SzqL1C/3HS6eCrBHE47mnLN8752IrJ5xwFDyHV6dwJE=
    GITHUB_API_KEY: >-
      AgC+BbEVj34odC4ojH25D5N8SmxlcAL9qhHUTr7CodzRoX8r6nHBI9aXWz7SiyzCSyFawXdxgaGR+/TSipyyX3Kvil7kYK6wPl/0aTy8ZIke/HIcNvQubdhxt9JhXlDFOMZhR1OkyPhgnGcF0V2nThb1zp/8e8jvxcRH3P0QrzzHp9Y3Zf3iCISSATbT8bBaJ5gFLImLlsk6mTbEP0ahTlvvEebvwrlZllv6KwhGjx2t+6sVYpmb51JyLZ9BaA4rwbsr+ZxMHOorj6CvvurzmXdb7ODPcFdSJwKWFyU7fJIOoTC9fHyG7Pxe/S45LE/d1rGPbZY+ijQI5JIYps51UpuYtZm4I3PO2FKw19N3LG7afDCIZmaE2PJs09AcjCvdZI1fjKjYtqgSKsXYvGwSXlCpLbGRc551C274noDAiGrCvi8yDuU6X5meor0g4KhTwjvzOSqLH8LhHg8rdcuSKqxIxumA5SRwAPVkmjs3KHrS8EdDg+l3jcQ4FWxniS7x9fV2TkEvsevUVQFoitCD2+6lod/nGtD7FvCbjhfkzfH9sEedBx63Iod+YmW51sPlRC/o44+u1FkA69KVDlf7FadPHfz5GRIp4+oGSsYfk9VdE7Grqze9lKL4aoMmusaTWZ7VrOkzIV/5Ln2ZpXzEHEi5niwDlPqTrfYi2mfI+wzrbA1/4d+c0DQnR7HmESs9r7tJcgk7DDsI5asr2HDxB/wNsJNFpZvxaQlzEaejA4L3xNgiJIwYcRz/
  template:
    metadata:
      annotations:
        sealedsecrets.bitnami.com/cluster-wide: 'true'
        kapp.k14s.io/disable-default-ownership-label-rules: ''
        kapp.k14s.io/disable-default-label-scoping-rules: ''
        app.gitlab.com/app: socialgouv-archifiltre-statistics
        app.gitlab.com/env: beta-db-12-dev2
        app.gitlab.com/env.name: beta-db-12-dev2
      name: app-env
      labels:
        application: xyz42-archifiltre-statistics
        owner: archifiltre-statistics
        team: archifiltre-statistics
        cert: wildcard
    type: Opaque
---
apiVersion: v1
kind: ConfigMap
metadata:
  name: app-env
  annotations:
    kapp.k14s.io/disable-default-ownership-label-rules: ''
    kapp.k14s.io/disable-default-label-scoping-rules: ''
    app.gitlab.com/app: socialgouv-archifiltre-statistics
    app.gitlab.com/env: beta-db-12-dev2
    app.gitlab.com/env.name: beta-db-12-dev2
  labels:
    application: xyz42-archifiltre-statistics
    owner: archifiltre-statistics
    team: archifiltre-statistics
    cert: wildcard
  namespace: archifiltre-statistics-85-beta-db-12-dev2
data:
  MATOMO_URL: https://matomo.fabrique.social.gouv.fr/
  YOUTUBE_API_URL: https://youtube.googleapis.com/youtube/v3/
  YOUTUBE_CHANNEL_ID: UClDwrT-Y1NY9WnEiXLMHp6w
  GITHUB_API_URL: https://api.github.com
  CORS_ORIGINS: '*'
---
apiVersion: v1
kind: Service
metadata:
  labels:
    app: app
    application: xyz42-archifiltre-statistics
    owner: archifiltre-statistics
    team: archifiltre-statistics
    cert: wildcard
  name: app
  annotations:
    kapp.k14s.io/disable-default-ownership-label-rules: ''
    kapp.k14s.io/disable-default-label-scoping-rules: ''
    app.gitlab.com/app: socialgouv-archifiltre-statistics
    app.gitlab.com/env: beta-db-12-dev2
    app.gitlab.com/env.name: beta-db-12-dev2
  namespace: archifiltre-statistics-85-beta-db-12-dev2
spec:
  ports:
    - name: http
      port: 80
      targetPort: 3000
  selector:
    app: app
  type: ClusterIP
---
apiVersion: extensions/v1beta1
kind: Ingress
metadata:
  annotations:
    kubernetes.io/ingress.class: nginx
    kapp.k14s.io/disable-default-ownership-label-rules: ''
    kapp.k14s.io/disable-default-label-scoping-rules: ''
    app.gitlab.com/app: socialgouv-archifiltre-statistics
    app.gitlab.com/env: beta-db-12-dev2
    app.gitlab.com/env.name: beta-db-12-dev2
  labels:
    app: app
    application: xyz42-archifiltre-statistics
    owner: archifiltre-statistics
    team: archifiltre-statistics
    cert: wildcard
  name: app
  namespace: archifiltre-statistics-85-beta-db-12-dev2
spec:
  rules:
    - host: xyz42-archifiltre-statistics.dev2.fabrique.social.gouv.fr
      http:
        paths:
          - backend:
              serviceName: app
              servicePort: 80
            path: /
  tls:
    - hosts:
        - xyz42-archifiltre-statistics.dev2.fabrique.social.gouv.fr
      secretName: wildcard-crt
"
`;
